C:\Users\段>cd D:\phpStudy\WWW\xin\PHP\07-wo-git-yingyong

C:\Users\段>d:

D:\phpStudy\WWW\xin\PHP\07-wo-git-yingyong>git push https://github.com/Duanfxa/1808B.git
fatal: not a git repository (or any of the parent directories): .git

D:\phpStudy\WWW\xin\PHP\07-wo-git-yingyong>git init
Initialized empty Git repository in D:/phpStudy/WWW/xin/PHP/07-wo-git-yingyong/.git/

D:\phpStudy\WWW\xin\PHP\07-wo-git-yingyong>git push  https://github.com/Duanfxa/1808B.git
fatal: The current branch master has no upstream branch.
To push the current branch and set the remote as upstream, use

    git push --set-upstream https://github.com/Duanfxa/1808B.git master


D:\phpStudy\WWW\xin\PHP\07-wo-git-yingyong> cd 17-8
系统找不到指定的路径。

D:\phpStudy\WWW\xin\PHP\07-wo-git-yingyong>cd 1708

D:\phpStudy\WWW\xin\PHP\07-wo-git-yingyong\1708>git push  https://github.com/Duanfxa/1808B.git
Enumerating objects: 16, done.
Counting objects: 100% (16/16), done.
Delta compression using up to 4 threads
Compressing objects: 100% (13/13), done.
Writing objects: 100% (16/16), 3.29 KiB | 481.00 KiB/s, done.
Total 16 (delta 3), reused 0 (delta 0)
remote: Resolving deltas: 100% (3/3), done.
To https://github.com/Duanfxa/1808B.git
 * [new branch]      master -> master

D:\phpStudy\WWW\xin\PHP\07-wo-git-yingyong\1708>git push index.html
fatal: invalid gitfile format: index.html
fatal: Could not read from remote repository.

Please make sure you have the correct access rights
and the repository exists.

D:\phpStudy\WWW\xin\PHP\07-wo-git-yingyong\1708>cd index.html
目录名称无效。

D:\phpStudy\WWW\xin\PHP\07-wo-git-yingyong\1708>cd index.html
目录名称无效。

D:\phpStudy\WWW\xin\PHP\07-wo-git-yingyong\1708>git push index.html
fatal: invalid gitfile format: index.html
fatal: Could not read from remote repository.

Please make sure you have the correct access rights
and the repository exists.

D:\phpStudy\WWW\xin\PHP\07-wo-git-yingyong\1708>git push index.html
fatal: invalid gitfile format: index.html
fatal: Could not read from remote repository.

Please make sure you have the correct access rights
and the repository exists.

D:\phpStudy\WWW\xin\PHP\07-wo-git-yingyong\1708>git pull index.html
fatal: invalid gitfile format: index.html
fatal: Could not read from remote repository.

Please make sure you have the correct access rights
and the repository exists.

D:\phpStudy\WWW\xin\PHP\07-wo-git-yingyong\1708>git pull
remote: Enumerating objects: 9, done.
remote: Counting objects: 100% (9/9), done.
remote: Compressing objects: 100% (3/3), done.
remote: Total 6 (delta 4), reused 5 (delta 3), pack-reused 0
Unpacking objects: 100% (6/6), done.
From https://github.com/zhaixiankui/1708
   997c5a3..2531383  master     -> origin/master
error: Your local changes to the following files would be overwritten by merge:
        index.html
        新建文本文档.txt
Please commit your changes or stash them before you merge.
Aborting
Updating 997c5a3..2531383

D:\phpStudy\WWW\xin\PHP\07-wo-git-yingyong\1708>git pull index.html
fatal: invalid gitfile format: index.html
fatal: Could not read from remote repository.

Please make sure you have the correct access rights
and the repository exists.

D:\phpStudy\WWW\xin\PHP\07-wo-git-yingyong\1708>git pull
error: Your local changes to the following files would be overwritten by merge:
        index.html
        新建文本文档.txt
Please commit your changes or stash them before you merge.
Aborting
Updating 997c5a3..2531383

D:\phpStudy\WWW\xin\PHP\07-wo-git-yingyong\1708>git add
Nothing specified, nothing added.
Maybe you wanted to say 'git add .'?

D:\phpStudy\WWW\xin\PHP\07-wo-git-yingyong\1708>git add -A

D:\phpStudy\WWW\xin\PHP\07-wo-git-yingyong\1708>git status
On branch master
Your branch is behind 'origin/master' by 2 commits, and can be fast-forwarded.
  (use "git pull" to update your local branch)

Changes to be committed:
  (use "git reset HEAD <file>..." to unstage)

        modified:   index.html
        modified:   "\346\226\260\345\273\272\346\226\207\346\234\254\346\226\207\346\241\243.txt"


D:\phpStudy\WWW\xin\PHP\07-wo-git-yingyong\1708>git commit -m'h3'

*** Please tell me who you are.

Run

  git config --global user.email "you@example.com"
  git config --global user.name "Your Name"

to set your account's default identity.
Omit --global to set the identity only in this repository.

fatal: unable to auto-detect email address (got '??@DESKTOP-N46M8GI.(none)')

D:\phpStudy\WWW\xin\PHP\07-wo-git-yingyong\1708>git status
On branch master
Your branch is behind 'origin/master' by 2 commits, and can be fast-forwarded.
  (use "git pull" to update your local branch)

Changes to be committed:
  (use "git reset HEAD <file>..." to unstage)

        modified:   index.html
        modified:   "\346\226\260\345\273\272\346\226\207\346\234\254\346\226\207\346\241\243.txt"


D:\phpStudy\WWW\xin\PHP\07-wo-git-yingyong\1708>git push
remote: Permission to zhaixiankui/1708.git denied to Duanfxa.
fatal: unable to access 'https://github.com/zhaixiankui/1708/': The requested URL returned error: 403

D:\phpStudy\WWW\xin\PHP\07-wo-git-yingyong\1708>git pull
remote: Enumerating objects: 5, done.
remote: Counting objects: 100% (5/5), done.
remote: Compressing objects: 100% (1/1), done.
remote: Total 3 (delta 2), reused 3 (delta 2), pack-reused 0
Unpacking objects: 100% (3/3), done.
From https://github.com/zhaixiankui/1708
   2531383..02bed7b  master     -> origin/master
error: Your local changes to the following files would be overwritten by merge:
        index.html
        新建文本文档.txt
Please commit your changes or stash them before you merge.
Aborting
Updating 997c5a3..02bed7b

D:\phpStudy\WWW\xin\PHP\07-wo-git-yingyong\1708> git commit -'h3'
error: unknown switch `''
usage: git commit [<options>] [--] <pathspec>...

    -q, --quiet           suppress summary after successful commit
    -v, --verbose         show diff in commit message template

Commit message options
    -F, --file <file>     read message from file
    --author <author>     override author for commit
    --date <date>         override date for commit
    -m, --message <message>
                          commit message
    -c, --reedit-message <commit>
                          reuse and edit message from specified commit
    -C, --reuse-message <commit>
                          reuse message from specified commit
    --fixup <commit>      use autosquash formatted message to fixup specified commit
    --squash <commit>     use autosquash formatted message to squash specified commit
    --reset-author        the commit is authored by me now (used with -C/-c/--amend)
    -s, --signoff         add Signed-off-by:
    -t, --template <file>
                          use specified template file
    -e, --edit            force edit of commit
    --cleanup <default>   how to strip spaces and #comments from message
    --status              include status in commit message template
    -S, --gpg-sign[=<key-id>]
                          GPG sign commit

Commit contents options
    -a, --all             commit all changed files
    -i, --include         add specified files to index for commit
    --interactive         interactively add files
    -p, --patch           interactively add changes
    -o, --only            commit only specified files
    -n, --no-verify       bypass pre-commit and commit-msg hooks
    --dry-run             show what would be committed
    --short               show status concisely
    --branch              show branch information
    --ahead-behind        compute full ahead/behind values
    --porcelain           machine-readable output
    --long                show status in long format (default)
    -z, --null            terminate entries with NUL
    --amend               amend previous commit
    --no-post-rewrite     bypass post-rewrite hook
    -u, --untracked-files[=<mode>]
                          show untracked files, optional modes: all, normal, no. (Default: all)


D:\phpStudy\WWW\xin\PHP\07-wo-git-yingyong\1708>git push https://github.com/Duanfxa/1808B.git
Everything up-to-date

D:\phpStudy\WWW\xin\PHP\07-wo-git-yingyong\1708>git pull
error: Your local changes to the following files would be overwritten by merge:
        index.html
        新建文本文档.txt
Please commit your changes or stash them before you merge.
Aborting
Updating 997c5a3..02bed7b

D:\phpStudy\WWW\xin\PHP\07-wo-git-yingyong\1708>git add -A

D:\phpStudy\WWW\xin\PHP\07-wo-git-yingyong\1708>git commit -m'修改’

*** Please tell me who you are.

Run

  git config --global user.email "you@example.com"
  git config --global user.name "Your Name"

to set your account's default identity.
Omit --global to set the identity only in this repository.

fatal: unable to auto-detect email address (got '??@DESKTOP-N46M8GI.(none)')

D:\phpStudy\WWW\xin\PHP\07-wo-git-yingyong\1708>git push https://github.com/Duanfxa/1808B.git
Everything up-to-date

D:\phpStudy\WWW\xin\PHP\07-wo-git-yingyong\1708>git pull
error: Your local changes to the following files would be overwritten by merge:
        index.html
        新建文本文档.txt
Please commit your changes or stash them before you merge.
Aborting
Updating 997c5a3..02bed7b

D:\phpStudy\WWW\xin\PHP\07-wo-git-yingyong\1708>git add -A

D:\phpStudy\WWW\xin\PHP\07-wo-git-yingyong\1708>git status
On branch master
Your branch is behind 'origin/master' by 3 commits, and can be fast-forwarded.
  (use "git pull" to update your local branch)

Changes to be committed:
  (use "git reset HEAD <file>..." to unstage)

        modified:   index.html
        modified:   "\346\226\260\345\273\272\346\226\207\346\234\254\346\226\207\346\241\243.txt"


D:\phpStudy\WWW\xin\PHP\07-wo-git-yingyong\1708>git commit -m'修改'

*** Please tell me who you are.

Run

  git config --global user.email "you@example.com"
  git config --global user.name "Your Name"

to set your account's default identity.
Omit --global to set the identity only in this repository.

fatal: unable to auto-detect email address (got '??@DESKTOP-N46M8GI.(none)')

D:\phpStudy\WWW\xin\PHP\07-wo-git-yingyong\1708>git status
On branch master
Your branch is behind 'origin/master' by 3 commits, and can be fast-forwarded.
  (use "git pull" to update your local branch)

Changes to be committed:
  (use "git reset HEAD <file>..." to unstage)

        modified:   index.html
        modified:   "\346\226\260\345\273\272\346\226\207\346\234\254\346\226\207\346\241\243.txt"


D:\phpStudy\WWW\xin\PHP\07-wo-git-yingyong\1708>git push https://github.com/Duanfxa/1808B.git
fatal: TaskCanceledException encountered.
   已取消一个任务。
Username for 'https://github.com':
Password for 'https://github.com':
remote: Anonymous access to Duanfxa/1808B.git denied.
fatal: Authentication failed for 'https://github.com/Duanfxa/1808B.git/'

D:\phpStudy\WWW\xin\PHP\07-wo-git-yingyong\1708>git push https://github.com/Duanfxa/1808B.git
Everything up-to-date

D:\phpStudy\WWW\xin\PHP\07-wo-git-yingyong\1708>git pull
error: Your local changes to the following files would be overwritten by merge:
        index.html
        新建文本文档.txt
Please commit your changes or stash them before you merge.
Aborting
Updating 997c5a3..02bed7b

D:\phpStudy\WWW\xin\PHP\07-wo-git-yingyong\1708>git pull
error: Your local changes to the following files would be overwritten by merge:
        index.html
        新建文本文档.txt
Please commit your changes or stash them before you merge.
Aborting
Updating 997c5a3..02bed7b

D:\phpStudy\WWW\xin\PHP\07-wo-git-yingyong\1708>git add -A

D:\phpStudy\WWW\xin\PHP\07-wo-git-yingyong\1708>git status
On branch master
Your branch is behind 'origin/master' by 3 commits, and can be fast-forwarded.
  (use "git pull" to update your local branch)

Changes to be committed:
  (use "git reset HEAD <file>..." to unstage)

        modified:   index.html
        modified:   "\346\226\260\345\273\272\346\226\207\346\234\254\346\226\207\346\241\243.txt"


D:\phpStudy\WWW\xin\PHP\07-wo-git-yingyong\1708>
D:\phpStudy\WWW\xin\PHP\07-wo-git-yingyong\1708>git commit -m '11：36'

*** Please tell me who you are.

Run

  git config --global user.email "you@example.com"
  git config --global user.name "Your Name"

to set your account's default identity.
Omit --global to set the identity only in this repository.

fatal: unable to auto-detect email address (got '??@DESKTOP-N46M8GI.(none)')

D:\phpStudy\WWW\xin\PHP\07-wo-git-yingyong\1708>git push
remote: Permission to zhaixiankui/1708.git denied to Duanfxa.
fatal: unable to access 'https://github.com/zhaixiankui/1708/': The requested URL returned error: 403

D:\phpStudy\WWW\xin\PHP\07-wo-git-yingyong\1708>git push https://github.com/Duanfxa/1808B.git
Everything up-to-date

D:\phpStudy\WWW\xin\PHP\07-wo-git-yingyong\1708>git status
On branch master
Your branch is behind 'origin/master' by 3 commits, and can be fast-forwarded.
  (use "git pull" to update your local branch)

Changes to be committed:
  (use "git reset HEAD <file>..." to unstage)

        modified:   index.html
        modified:   "\346\226\260\345\273\272\346\226\207\346\234\254\346\226\207\346\241\243.txt"


D:\phpStudy\WWW\xin\PHP\07-wo-git-yingyong\1708>git commit -m 'haha'

*** Please tell me who you are.

Run

  git config --global user.email "you@example.com"
  git config --global user.name "Your Name"

to set your account's default identity.
Omit --global to set the identity only in this repository.

fatal: unable to auto-detect email address (got '??@DESKTOP-N46M8GI.(none)')

D:\phpStudy\WWW\xin\PHP\07-wo-git-yingyong\1708>$ git config --global user.name "Duanfxa"
'$' 不是内部或外部命令，也不是可运行的程序
或批处理文件。

D:\phpStudy\WWW\xin\PHP\07-wo-git-yingyong\1708>git config --global user.name "Duanfxa"

D:\phpStudy\WWW\xin\PHP\07-wo-git-yingyong\1708>git config --global user.email "873561790@qq.com"

D:\phpStudy\WWW\xin\PHP\07-wo-git-yingyong\1708>git config --global credential.helper store

D:\phpStudy\WWW\xin\PHP\07-wo-git-yingyong\1708>git config list
error: key does not contain a section: list

D:\phpStudy\WWW\xin\PHP\07-wo-git-yingyong\1708>git config --list
core.symlinks=false
core.autocrlf=true
core.fscache=true
color.diff=auto
color.status=auto
color.branch=auto
color.interactive=true
help.format=html
rebase.autosquash=true
http.sslcainfo=C:/Program Files/Git/mingw64/ssl/certs/ca-bundle.crt
http.sslbackend=openssl
diff.astextplain.textconv=astextplain
filter.lfs.clean=git-lfs clean -- %f
filter.lfs.smudge=git-lfs smudge -- %f
filter.lfs.process=git-lfs filter-process
filter.lfs.required=true
credential.helper=manager
rebase.usebuiltin=true
stash.usebuiltin=true
user.name=Duanfxa
user.email=873561790@qq.com
credential.helper=store
core.repositoryformatversion=0
core.filemode=false
core.bare=false
core.logallrefupdates=true
core.symlinks=false
core.ignorecase=true
remote.origin.url=https://github.com/zhaixiankui/1708
remote.origin.fetch=+refs/heads/*:refs/remotes/origin/*
branch.master.remote=origin
branch.master.merge=refs/heads/master

D:\phpStudy\WWW\xin\PHP\07-wo-git-yingyong\1708>git status
On branch master
Your branch is behind 'origin/master' by 3 commits, and can be fast-forwarded.
  (use "git pull" to update your local branch)

Changes to be committed:
  (use "git reset HEAD <file>..." to unstage)

        modified:   index.html
        modified:   "\346\226\260\345\273\272\346\226\207\346\234\254\346\226\207\346\241\243.txt"


D:\phpStudy\WWW\xin\PHP\07-wo-git-yingyong\1708>git add
Nothing specified, nothing added.
Maybe you wanted to say 'git add .'?

D:\phpStudy\WWW\xin\PHP\07-wo-git-yingyong\1708>git add -A

D:\phpStudy\WWW\xin\PHP\07-wo-git-yingyong\1708>git status
On branch master
Your branch is behind 'origin/master' by 3 commits, and can be fast-forwarded.
  (use "git pull" to update your local branch)

Changes to be committed:
  (use "git reset HEAD <file>..." to unstage)

        modified:   index.html
        modified:   "\346\226\260\345\273\272\346\226\207\346\234\254\346\226\207\346\241\243.txt"


D:\phpStudy\WWW\xin\PHP\07-wo-git-yingyong\1708>git commit -m 'haha2'
[master 0b298dc] 'haha2'
 2 files changed, 7 insertions(+), 1 deletion(-)

D:\phpStudy\WWW\xin\PHP\07-wo-git-yingyong\1708>git push https://github.com/Duanfxa/1808B.git
Enumerating objects: 7, done.
Counting objects: 100% (7/7), done.
Delta compression using up to 4 threads
Compressing objects: 100% (4/4), done.
Writing objects: 100% (4/4), 420 bytes | 420.00 KiB/s, done.
Total 4 (delta 3), reused 0 (delta 0)
remote: Resolving deltas: 100% (3/3), completed with 3 local objects.
To https://github.com/Duanfxa/1808B.git
   997c5a3..0b298dc  master -> master

D:\phpStudy\WWW\xin\PHP\07-wo-git-yingyong\1708>git status
On branch master
Your branch and 'origin/master' have diverged,
and have 1 and 3 different commits each, respectively.
  (use "git pull" to merge the remote branch into yours)

nothing to commit, working tree clean

D:\phpStudy\WWW\xin\PHP\07-wo-git-yingyong\1708>git pull https://github.com/Duanfxa/1808B.git
From https://github.com/Duanfxa/1808B
 * branch            HEAD       -> FETCH_HEAD
Already up to date.

D:\phpStudy\WWW\xin\PHP\07-wo-git-yingyong\1708>git push https://github.com/Duanfxa/1808B.git
Everything up-to-date

D:\phpStudy\WWW\xin\PHP\07-wo-git-yingyong\1708>git status
On branch master
Your branch and 'origin/master' have diverged,
and have 1 and 3 different commits each, respectively.
  (use "git pull" to merge the remote branch into yours)

nothing to commit, working tree clean

D:\phpStudy\WWW\xin\PHP\07-wo-git-yingyong\1708>